{
  "filters_used": [
    {
      "path": "detect_secrets.filters.allowlist.is_line_allowlisted"
    },
    {
      "min_level": 2,
      "path": "detect_secrets.filters.common.is_ignored_due_to_verification_policies"
    },
    {
      "path": "detect_secrets.filters.heuristic.is_indirect_reference"
    },
    {
      "path": "detect_secrets.filters.heuristic.is_likely_id_string"
    },
    {
      "path": "detect_secrets.filters.heuristic.is_lock_file"
    },
    {
      "path": "detect_secrets.filters.heuristic.is_not_alphanumeric_string"
    },
    {
      "path": "detect_secrets.filters.heuristic.is_potential_uuid"
    },
    {
      "path": "detect_secrets.filters.heuristic.is_prefixed_with_dollar_sign"
    },
    {
      "path": "detect_secrets.filters.heuristic.is_sequential_string"
    },
    {
      "path": "detect_secrets.filters.heuristic.is_swagger_file"
    },
    {
      "path": "detect_secrets.filters.heuristic.is_templated_secret"
    },
    {
      "path": "detect_secrets.filters.regex.should_exclude_file",
      "pattern": [
        "\\.env$|\\.lock$|\\.parquet$|\\.db$|\\.venv/|output/|data/|\\.git/|CHANGELOG_DUE_DILIGENCE\\.md$|\\.secrets\\.baseline$|^review_bundle\\.txt$"
      ]
    }
  ],
  "generated_at": "2026-04-19T15:38:31Z",
  "plugins_used": [
    {
      "name": "ArtifactoryDetector"
    },
    {
      "name": "AWSKeyDetector"
    },
    {
      "name": "AzureStorageKeyDetector"
    },
    {
      "limit": 4.5,
      "name": "Base64HighEntropyString"
    },
    {
      "name": "BasicAuthDetector"
    },
    {
      "name": "CloudantDetector"
    },
    {
      "name": "DiscordBotTokenDetector"
    },
    {
      "name": "GitHubTokenDetector"
    },
    {
      "name": "GitLabTokenDetector"
    },
    {
      "limit": 3.0,
      "name": "HexHighEntropyString"
    },
    {
      "name": "IbmCloudIamDetector"
    },
    {
      "name": "IbmCosHmacDetector"
    },
    {
      "name": "IPPublicDetector"
    },
    {
      "name": "JwtTokenDetector"
    },
    {
      "keyword_exclude": "",
      "name": "KeywordDetector"
    },
    {
      "name": "MailchimpDetector"
    },
    {
      "name": "NpmDetector"
    },
    {
      "name": "OpenAIDetector"
    },
    {
      "name": "PrivateKeyDetector"
    },
    {
      "name": "PypiTokenDetector"
    },
    {
      "name": "SendGridDetector"
    },
    {
      "name": "SlackDetector"
    },
    {
      "name": "SoftlayerDetector"
    },
    {
      "name": "SquareOAuthDetector"
    },
    {
      "name": "StripeDetector"
    },
    {
      "name": "TelegramBotTokenDetector"
    },
    {
      "name": "TwilioKeyDetector"
    }
  ],
  "results": {
    ".gitleaks.toml": [
      {
        "filename": ".gitleaks.toml",
        "hashed_secret": "95341cb9af52214429eb8e9fe110e2c907917701",
        "is_verified": false,
        "line_number": 41,
        "type": "Hex High Entropy String"
      },
      {
        "filename": ".gitleaks.toml",
        "hashed_secret": "285aaa922b9d0c963a5edcb90c137cd8219f249d",
        "is_verified": false,
        "line_number": 42,
        "type": "Hex High Entropy String"
      },
      {
        "filename": ".gitleaks.toml",
        "hashed_secret": "8f1cd484ee231d1df97c7f7d4b196bec7ed3c3f5",
        "is_verified": false,
        "line_number": 43,
        "type": "Hex High Entropy String"
      }
    ],
    "docs/INTEGRATION_PLAN_ALTERNATIVE_APIS.md": [
      {
        "filename": "docs\\INTEGRATION_PLAN_ALTERNATIVE_APIS.md",
        "hashed_secret": "cf4a956e75901c220c0f5fbaec41987fc6177345",
        "is_verified": false,
        "line_number": 219,
        "type": "Secret Keyword"
      }
    ],
    "docs/WORKFLOWS_EVENT_STUDIES.md": [
      {
        "filename": "docs\\WORKFLOWS_EVENT_STUDIES.md",
        "hashed_secret": "aacfbd5642cb9c0c9967b90eb2427199de7c72ed",
        "is_verified": false,
        "line_number": 416,
        "type": "Secret Keyword"
      }
    ],
    "docs/backend_core.md": [
      {
        "filename": "docs\\backend_core.md",
        "hashed_secret": "a8253456364f1bfc7da7ae4a1db5b45d106317a5",
        "is_verified": false,
        "line_number": 491,
        "type": "Secret Keyword"
      }
    ],
    "system_check/tests/test_claude_client_mock.py": [
      {
        "filename": "system_check\\tests\\test_claude_client_mock.py",
        "hashed_secret": "fd9a45bc0b07706d849cf85021ecf9123fa83d82",
        "is_verified": false,
        "line_number": 75,
        "type": "Secret Keyword"
      }
    ],
    "tests/test_data_finnhub_events_client.py": [
      {
        "filename": "tests\\test_data_finnhub_events_client.py",
        "hashed_secret": "bd33830043487aed705b9aff291a77d69f27adb3",
        "is_verified": false,
        "line_number": 28,
        "type": "Secret Keyword"
      }
    ],
    "tests/test_data_finnhub_news_macro_client.py": [
      {
        "filename": "tests\\test_data_finnhub_news_macro_client.py",
        "hashed_secret": "bd33830043487aed705b9aff291a77d69f27adb3",
        "is_verified": false,
        "line_number": 29,
        "type": "Secret Keyword"
      }
    ]
  },
  "version": "1.5.0"
}